src/app/[slug]/page.tsx(1,44): error TS2307: Cannot find module '@/lib/mdx' or its corresponding type declarations.
src/app/page.tsx(2,44): error TS2307: Cannot find module '@/lib/mdx' or its corresponding type declarations.
src/app/page.tsx(3,22): error TS2307: Cannot find module '@/components/PostCard' or its corresponding type declarations.
src/app/page.tsx(4,28): error TS2307: Cannot find module '@/components/CategoryFilter' or its corresponding type declarations.
src/components/PostCard.tsx(2,22): error TS2307: Cannot find module '@/lib/mdx' or its corresponding type declarations.
